// Jest Snapshot v1, https://goo.gl/fbAQLP

exports[`default Render Snapshot 1`] = `
<div
  className="MuiContainer-root"
  data-testid="App"
  id="App"
>
  <header
    className="MuiPaper-root MuiAppBar-root MuiAppBar-positionFixed MuiAppBar-colorPrimary makeStyles-appbar-1 mui-fixed MuiPaper-elevation4"
  >
    <div
      className="MuiToolbar-root MuiToolbar-regular MuiToolbar-gutters"
    >
      <div
        className="MuiBox-root MuiBox-root-14 makeStyles-header-2"
      >
        <h5
          className="MuiTypography-root MuiTypography-h5"
        >
          PokeCards
        </h5>
      </div>
      <div
        className="MuiAvatar-root MuiAvatar-square makeStyles-logo-3"
      >
        <img
          className="MuiAvatar-img"
          src="pokedex_sm.png"
        />
      </div>
    </div>
  </header>
  <div
    className="MuiGrid-root makeStyles-container-5 MuiGrid-container"
  >
    <div
      className="MuiGrid-root makeStyles-center-6 MuiGrid-item MuiGrid-grid-xs-12 MuiGrid-grid-sm-5 MuiGrid-grid-md-4"
    >
      <div
        className="MuiPaper-root MuiCard-root makeStyles-grow-9 MuiPaper-elevation1 MuiPaper-rounded"
      >
        <div
          className="MuiCardContent-root"
          data-testid="defaultCard"
          id="defaultCard"
        >
          <img
            alt="Pokedex"
            className="MuiCardMedia-root makeStyles-mediaPadding-12 MuiCardMedia-media MuiCardMedia-img"
            src="pokedex.png"
            title="Pokedex"
          />
          <hr
            className="MuiDivider-root makeStyles-divider-13"
          />
          <h5
            className="MuiTypography-root makeStyles-padding-10 MuiTypography-h5 MuiTypography-gutterBottom MuiTypography-alignCenter"
          >
            This is a PokeDex
          </h5>
          <p
            className="MuiTypography-root makeStyles-padding-10 MuiTypography-body2 MuiTypography-alignJustify"
          >
            Select a Pokemon to display every information you could ever need!
          </p>
        </div>
      </div>
    </div>
    <div
      className="MuiGrid-root makeStyles-center-6 MuiGrid-item MuiGrid-grid-xs-12 MuiGrid-grid-sm-6 MuiGrid-grid-md-7"
    >
      <div
        ata-testid="loadingPokemon"
        className="MuiCircularProgress-root makeStyles-spinner-8 MuiCircularProgress-colorPrimary MuiCircularProgress-indeterminate"
        id="loadingPokemon"
        role="progressbar"
        style={
          Object {
            "height": 40,
            "width": 40,
          }
        }
      >
        <svg
          className="MuiCircularProgress-svg"
          viewBox="22 22 44 44"
        >
          <circle
            className="MuiCircularProgress-circle MuiCircularProgress-circleIndeterminate"
            cx={44}
            cy={44}
            fill="none"
            r={20.2}
            strokeWidth={3.6}
            style={Object {}}
          />
        </svg>
      </div>
    </div>
  </div>
</div>
`;
